// Jest Snapshot v1, https://goo.gl/fbAQLP

exports[`<ScorePage /> should to match snapshot 1`] = `
<div>
  <div
    class="card flex-col max-w-lg w-full m-3"
    title="Calculadora de Folha de Pontos"
  >
    <h2
      class="title"
    >
      Calculadora de Folha de Pontos
    </h2>
    <div
      class="mt-5"
    >
      <div
        class="grid grid-cols-12 gap-2"
      >
        <div
          class="grid col-span-8 grid-cols-2 gap-2"
        >
          <p>
            Ponto Inicial
          </p>
          <p>
            Ponto Final
          </p>
        </div>
      </div>
      <div
        class="container my-2"
      >
        <div
          class="grid grid-cols-12 gap-2"
        >
          <div
            class="grid col-span-8 grid-cols-2 gap-2"
          >
            <input
              class="text-field col-span-1"
              title="Ponto Inicial: 1"
              type="time"
              value="00:00"
            />
            <input
              class="text-field col-span-1"
              title="Ponto Final: 1"
              type="time"
              value="00:00"
            />
          </div>
          <div
            class="col-span-4 flex gap-2"
          >
            <button
              class="add-button w-full"
              title="Adicionar Linha 2"
            >
              <svg
                aria-hidden="true"
                class="h-6 w-6"
                fill="none"
                stroke="currentColor"
                stroke-width="1.5"
                viewBox="0 0 24 24"
                xmlns="http://www.w3.org/2000/svg"
              >
                <path
                  d="M12 9v6m3-3H9m12 0a9 9 0 11-18 0 9 9 0 0118 0z"
                  stroke-linecap="round"
                  stroke-linejoin="round"
                />
              </svg>
            </button>
          </div>
        </div>
      </div>
    </div>
  </div>
</div>
`;
